// Jest Snapshot v1, https://goo.gl/fbAQLP

exports[`Header component it should mock the context and render Header 1`] = `ShallowWrapper {}`;
