// Jest Snapshot v1, https://goo.gl/fbAQLP

exports[`List component it should mock the context and render List 1`] = `ShallowWrapper {}`;
